// Jest Snapshot v1, https://goo.gl/fbAQLP

exports[`<PageSettings /> should match snapshot 1`] = `
<div
  className="content container"
>
  <ContentOptions />
  <h3
    className="heading"
  >
    free shipping on orders above 50$
  </h3>
  <AccountNavigation />
</div>
`;
