// Jest Snapshot v1, https://goo.gl/fbAQLP

exports[`<ProductImage /> should match snapshot 1`] = `
<div
  className="product-image__container content"
>
  <div
    className="product-image__big-image-container"
    type="submit"
  >
    <img
      alt="product"
      className="product-image"
      src="src/assets/img/content/new4.png"
    />
  </div>
  <div
    className="product-image__small-images-container"
  >
    <div
      className="product-image__small-image"
      key="src/assets/img/content/new4.png"
    >
      <img
        alt="product"
        className="product-image"
        src="src/assets/img/content/new4.png"
      />
      <button
        className="product-image__image-on-hover"
        data-src="src/assets/img/content/new4.png"
        label="clickable image"
        onClick={[Function]}
        type="submit"
      />
    </div>
    <div
      className="product-image__small-image"
      key="src/assets/img/content/new2.png"
    >
      <img
        alt="product"
        className="product-image"
        src="src/assets/img/content/new2.png"
      />
      <button
        className="product-image__image-on-hover"
        data-src="src/assets/img/content/new2.png"
        label="clickable image"
        onClick={[Function]}
        type="submit"
      />
    </div>
    <div
      className="product-image__small-image"
      key="src/assets/img/content/new3.png"
    >
      <img
        alt="product"
        className="product-image"
        src="src/assets/img/content/new3.png"
      />
      <button
        className="product-image__image-on-hover"
        data-src="src/assets/img/content/new3.png"
        label="clickable image"
        onClick={[Function]}
        type="submit"
      />
    </div>
  </div>
</div>
`;
