// Jest Snapshot v1, https://goo.gl/fbAQLP

exports[`<Button /> should match snapshot 1`] = `
<button
  className="null button"
  onClick={null}
  type="button"
/>
`;
