// Jest Snapshot v1, https://goo.gl/fbAQLP

exports[`<ShippingMethod /> should match snapshot 1`] = `
<div
  className="shipping-method"
>
  <p
    className="shipping-method__text"
  >
    Please choose a shipping method to deliver your order:
  </p>
  <form
    className="shipping-method__radiobtns-form"
  >
    <div
      className="shipping-method__radiobtn"
    >
      <input
        className="shipping-method__radiobtn-input"
        name="ship-to-this-address"
        type="radio"
        value="ship-to-this-address"
      />
      <label
        htmlFor="ship-to-this-address"
      >
        UPS (ground) $7.25
      </label>
    </div>
    <div
      className="shipping-method__radiobtn"
    >
      <input
        className="shipping-method__radiobtn-input"
        name="ship-to-this-address"
        type="radio"
        value="ship-to-different-address"
      />
      <label
        htmlFor="guest"
      >
        UPS (7 days select) $9.75
      </label>
    </div>
    <div
      className="shipping-method__radiobtn"
    >
      <input
        className="shipping-method__radiobtn-input"
        name="ship-to-this-address"
        type="radio"
        value="ship-to-different-address"
      />
      <label
        htmlFor="guest"
      >
        UPS (next day air) $17.25
      </label>
    </div>
    <div
      className="shipping-method__radiobtn"
    >
      <input
        className="shipping-method__radiobtn-input"
        name="ship-to-this-address"
        type="radio"
        value="ship-to-different-address"
      />
      <label
        htmlFor="guest"
      >
        UPS (second day air) $12.25
      </label>
    </div>
  </form>
  <Button
    customClass="black-button"
    icon={null}
    onClick={[Function]}
  >
    continue
  </Button>
</div>
`;
