// Jest Snapshot v1, https://goo.gl/fbAQLP

exports[`<BurgerMenu /> should match snapshot 1`] = `
<div
  className="burger-menu-container"
>
  <nav
    className="burger-menu-navigation-container"
  >
    <input
      id="burgerbutton"
      type="checkbox"
    />
    <label
      className="burgerimage"
      htmlFor="burgerbutton"
      title="Navigation"
    >
      â˜°
    </label>
    <ul
      className="burger-list"
    >
      <Link
        className="burger-menu-link"
        key="woman"
        to="/404"
      >
        <li
          className="burger-list-item"
          key="woman"
        >
          woman
        </li>
      </Link>
      <Link
        className="burger-menu-link"
        key="man"
        to="/404"
      >
        <li
          className="burger-list-item"
          key="man"
        >
          man
        </li>
      </Link>
      <Link
        className="burger-menu-link"
        key="kids"
        to="/404"
      >
        <li
          className="burger-list-item"
          key="kids"
        >
          kids
        </li>
      </Link>
      <Link
        className="burger-menu-link"
        key="accessories"
        to="/404"
      >
        <li
          className="burger-list-item"
          key="accessories"
        >
          accessories
        </li>
      </Link>
      <Link
        className="burger-menu-link"
        key="what's new"
        to="/404"
      >
        <li
          className="burger-list-item"
          key="what's new"
        >
          what's new
        </li>
      </Link>
      <Link
        className="burger-menu-link"
        key="brands"
        to="/404"
      >
        <li
          className="burger-list-item"
          key="brands"
        >
          brands
        </li>
      </Link>
      <Link
        className="burger-menu-link"
        key="sale"
        to="/404"
      >
        <li
          className="burger-list-item"
          key="sale"
        >
          sale
        </li>
      </Link>
      <Link
        className="burger-menu-link"
        key="blog"
        to="/404"
      >
        <li
          className="burger-list-item"
          key="blog"
        >
          blog
        </li>
      </Link>
    </ul>
  </nav>
</div>
`;
