// Jest Snapshot v1, https://goo.gl/fbAQLP

exports[`<Slide /> should make a snapshot of Slide component 1`] = `
<div
  className="slide-container"
  style={Object {}}
>
  <div
    className="slide-wrapper some animation name"
    onAnimationEnd={[Function]}
    style={
      Object {
        "backgroundImage": "url(some image url)",
      }
    }
  >
    <CustomComponent />
  </div>
</div>
`;
