// Jest Snapshot v1, https://goo.gl/fbAQLP

exports[`<Input /> should match snapshot 1`] = `
<div
  className="input"
>
  <input
    className=""
    placeholder=""
    type="text"
  />
</div>
`;
