// Jest Snapshot v1, https://goo.gl/fbAQLP

exports[`<Heading /> should match snapshot 1`] = `
<div
  className="heading__wrapper"
>
  <div
    className="heading__line"
  />
  <div
    className="heading__title center"
  >
    Default title
  </div>
</div>
`;
